<?xml version="1.0" encoding="utf-8"?>
<TestRun id="e1bff3fd-bb72-4082-b124-ca944bf282c3" name="hardik.sharma@ITT-HARDIK-S 2025-05-18 10:34:16" runUser="INTIMETEC\hardik.sharma" xmlns="http://microsoft.com/schemas/VisualStudio/TeamTest/2010">
  <Times creation="2025-05-18T10:34:16.9346190+05:30" queuing="2025-05-18T10:34:16.9346196+05:30" start="2025-05-18T10:34:14.4865752+05:30" finish="2025-05-18T10:34:16.9849230+05:30" />
  <TestSettings name="default" id="1b063b41-ba7a-4b40-9601-fa08d93c6513">
    <Deployment runDeploymentRoot="hardik.sharma_ITT-HARDIK-S_2025-05-18_10_34_16" />
  </TestSettings>
  <Results>
    <UnitTestResult executionId="8486f8c2-2cc2-4768-8948-017ca82edf1b" testId="620bad27-2f51-72e5-f8d3-34d98e634c61" testName="FlipazonApiTest.ControllerTest.OrderControllerTests.PlaceOrder_ReturnsSuccessResponse" computerName="ITT-HARDIK-S" duration="00:00:00.0134567" startTime="2025-05-18T10:34:16.8401849+05:30" endTime="2025-05-18T10:34:16.8401852+05:30" testType="13cdc9d9-ddb5-4fa4-a97d-d965ccfc6d4b" outcome="Passed" testListId="8c84fa94-04c1-424b-9868-57a2d4851a1d" relativeResultsDirectory="8486f8c2-2cc2-4768-8948-017ca82edf1b" />
    <UnitTestResult executionId="ea36e935-189d-481d-934b-ba186798fc96" testId="b27d5052-7e00-fdab-ea3a-a71f6326ccc4" testName="FlipazonApiTest.ServiceTest.AuthServiceTests.SignUp_EmailExists_Throws409" computerName="ITT-HARDIK-S" duration="00:00:00.0044715" startTime="2025-05-18T10:34:16.8406514+05:30" endTime="2025-05-18T10:34:16.8406516+05:30" testType="13cdc9d9-ddb5-4fa4-a97d-d965ccfc6d4b" outcome="Passed" testListId="8c84fa94-04c1-424b-9868-57a2d4851a1d" relativeResultsDirectory="ea36e935-189d-481d-934b-ba186798fc96" />
    <UnitTestResult executionId="0bc2ea7b-33cc-48ce-aabb-c20da7b5a934" testId="3da68fa5-dc86-6453-1bd3-ae1efc35e76a" testName="FlipazonApiTest.ServiceTest.CategoryServiceTests.GetAllCategories_ReturnsListOfCategories" computerName="ITT-HARDIK-S" duration="00:00:00.2566337" startTime="2025-05-18T10:34:16.7509941+05:30" endTime="2025-05-18T10:34:16.7509943+05:30" testType="13cdc9d9-ddb5-4fa4-a97d-d965ccfc6d4b" outcome="Passed" testListId="8c84fa94-04c1-424b-9868-57a2d4851a1d" relativeResultsDirectory="0bc2ea7b-33cc-48ce-aabb-c20da7b5a934" />
    <UnitTestResult executionId="e7f16fe2-27ee-49cf-83bc-7ad60892adc2" testId="de00011b-357a-8331-e054-e9df0dfedb2e" testName="FlipazonApiTest.ControllerTest.CategoryControllerTests.GetProductsByCategoryId_ReturnsProductList" computerName="ITT-HARDIK-S" duration="00:00:00.0031101" startTime="2025-05-18T10:34:16.8470762+05:30" endTime="2025-05-18T10:34:16.8470763+05:30" testType="13cdc9d9-ddb5-4fa4-a97d-d965ccfc6d4b" outcome="Passed" testListId="8c84fa94-04c1-424b-9868-57a2d4851a1d" relativeResultsDirectory="e7f16fe2-27ee-49cf-83bc-7ad60892adc2" />
    <UnitTestResult executionId="2d023d50-45b5-49c5-9ce3-e00a764a47ce" testId="37cfde0a-922e-a7a3-ea07-0e585915698e" testName="FlipazonApiTest.ControllerTest.AuthControllerTests.SignUp_ReturnsSuccessJsonResult" computerName="ITT-HARDIK-S" duration="00:00:00.0034545" startTime="2025-05-18T10:34:16.8461470+05:30" endTime="2025-05-18T10:34:16.8461471+05:30" testType="13cdc9d9-ddb5-4fa4-a97d-d965ccfc6d4b" outcome="Passed" testListId="8c84fa94-04c1-424b-9868-57a2d4851a1d" relativeResultsDirectory="2d023d50-45b5-49c5-9ce3-e00a764a47ce" />
    <UnitTestResult executionId="c18041ea-63e0-4979-af23-aa0a631c2188" testId="04dcb527-1843-dd27-c34b-eb34cbae9a4c" testName="FlipazonApiTest.ControllerTest.CartControllerTests.AddOrUpdateCartItem_HttpResponseException_ReturnsProperStatusCode" computerName="ITT-HARDIK-S" duration="00:00:00.0134344" startTime="2025-05-18T10:34:16.8341877+05:30" endTime="2025-05-18T10:34:16.8341879+05:30" testType="13cdc9d9-ddb5-4fa4-a97d-d965ccfc6d4b" outcome="Passed" testListId="8c84fa94-04c1-424b-9868-57a2d4851a1d" relativeResultsDirectory="c18041ea-63e0-4979-af23-aa0a631c2188" />
    <UnitTestResult executionId="fcd09d89-b503-4f55-9b06-376b1e3a3771" testId="47c564f0-2db9-c859-1e01-c0aeafe12e1a" testName="FlipazonApiTest.ControllerTest.OrderControllerTests.GetOrdersByUserId_ReturnsOrderList" computerName="ITT-HARDIK-S" duration="00:00:00.0065614" startTime="2025-05-18T10:34:16.8442215+05:30" endTime="2025-05-18T10:34:16.8442216+05:30" testType="13cdc9d9-ddb5-4fa4-a97d-d965ccfc6d4b" outcome="Passed" testListId="8c84fa94-04c1-424b-9868-57a2d4851a1d" relativeResultsDirectory="fcd09d89-b503-4f55-9b06-376b1e3a3771" />
    <UnitTestResult executionId="883015be-1bc7-4254-beac-4f3db721d1ed" testId="78f4e7c7-89ed-67e3-d037-232cf2b7a425" testName="FlipazonApiTest.ServiceTest.CategoryServiceTests.GetProductsByCategoryId_InvalidId_Returns404" computerName="ITT-HARDIK-S" duration="00:00:00.0081733" startTime="2025-05-18T10:34:16.8334267+05:30" endTime="2025-05-18T10:34:16.8334269+05:30" testType="13cdc9d9-ddb5-4fa4-a97d-d965ccfc6d4b" outcome="Passed" testListId="8c84fa94-04c1-424b-9868-57a2d4851a1d" relativeResultsDirectory="883015be-1bc7-4254-beac-4f3db721d1ed" />
    <UnitTestResult executionId="73413b46-64c1-47cf-980c-c03a3204e349" testId="266e2396-b22f-2a8a-5505-5103de124471" testName="FlipazonApiTest.ControllerTest.CategoryControllerTests.GetProductsByCategoryId_ThrowsUnhandledException_Returns500" computerName="ITT-HARDIK-S" duration="00:00:00.0023372" startTime="2025-05-18T10:34:16.8473820+05:30" endTime="2025-05-18T10:34:16.8473821+05:30" testType="13cdc9d9-ddb5-4fa4-a97d-d965ccfc6d4b" outcome="Passed" testListId="8c84fa94-04c1-424b-9868-57a2d4851a1d" relativeResultsDirectory="73413b46-64c1-47cf-980c-c03a3204e349" />
    <UnitTestResult executionId="6f1ee5e9-5e30-473e-bfb0-ed624b4a8590" testId="862d09f0-32e5-0251-7e11-c4e5e4c6b64a" testName="FlipazonApiTest.ControllerTest.CategoryControllerTests.GetCategories_ThrowsHttpResponseException_ReturnsProperStatus" computerName="ITT-HARDIK-S" duration="00:00:00.0161845" startTime="2025-05-18T10:34:16.8457636+05:30" endTime="2025-05-18T10:34:16.8457637+05:30" testType="13cdc9d9-ddb5-4fa4-a97d-d965ccfc6d4b" outcome="Passed" testListId="8c84fa94-04c1-424b-9868-57a2d4851a1d" relativeResultsDirectory="6f1ee5e9-5e30-473e-bfb0-ed624b4a8590" />
    <UnitTestResult executionId="069757f1-22b0-409e-b9ff-00dfc2341a82" testId="57a9a9da-dc82-6072-a53e-1d767a80cc62" testName="FlipazonApiTest.ServiceTest.OrderServiceTests.GetOrdersByUserIdAsync_WithOrders_ReturnsOrderList" computerName="ITT-HARDIK-S" duration="00:00:00.0540182" startTime="2025-05-18T10:34:16.8471889+05:30" endTime="2025-05-18T10:34:16.8471890+05:30" testType="13cdc9d9-ddb5-4fa4-a97d-d965ccfc6d4b" outcome="Passed" testListId="8c84fa94-04c1-424b-9868-57a2d4851a1d" relativeResultsDirectory="069757f1-22b0-409e-b9ff-00dfc2341a82" />
    <UnitTestResult executionId="9bd01caa-19e9-4f85-a3c4-75fe0605ac26" testId="f76ee3ac-a539-7533-c2ad-f5f1819d29d6" testName="FlipazonApiTest.ControllerTest.CartControllerTests.GetCartItems_UnhandledException_Returns500" computerName="ITT-HARDIK-S" duration="00:00:00.2567093" startTime="2025-05-18T10:34:16.7519884+05:30" endTime="2025-05-18T10:34:16.7519885+05:30" testType="13cdc9d9-ddb5-4fa4-a97d-d965ccfc6d4b" outcome="Passed" testListId="8c84fa94-04c1-424b-9868-57a2d4851a1d" relativeResultsDirectory="9bd01caa-19e9-4f85-a3c4-75fe0605ac26" />
    <UnitTestResult executionId="6982702e-cab2-44f3-a911-374153a1f93e" testId="c49da429-29df-2cba-f69f-ef2e36f2f14e" testName="FlipazonApiTest.ServiceTest.AuthServiceTests.Login_WrongPassword_Throws401" computerName="ITT-HARDIK-S" duration="00:00:00.0053088" startTime="2025-05-18T10:34:16.8398020+05:30" endTime="2025-05-18T10:34:16.8398022+05:30" testType="13cdc9d9-ddb5-4fa4-a97d-d965ccfc6d4b" outcome="Passed" testListId="8c84fa94-04c1-424b-9868-57a2d4851a1d" relativeResultsDirectory="6982702e-cab2-44f3-a911-374153a1f93e" />
    <UnitTestResult executionId="571f0ab4-98f3-4525-bbc1-630230fc8420" testId="df90cf4e-f2c7-07c1-dbf5-19d76b12672c" testName="FlipazonApiTest.ControllerTest.OrderControllerTests.PlaceOrder_ThrowsHttpResponseException_ReturnsProperStatus" computerName="ITT-HARDIK-S" duration="00:00:00.2567928" startTime="2025-05-18T10:34:16.7520560+05:30" endTime="2025-05-18T10:34:16.7520561+05:30" testType="13cdc9d9-ddb5-4fa4-a97d-d965ccfc6d4b" outcome="Passed" testListId="8c84fa94-04c1-424b-9868-57a2d4851a1d" relativeResultsDirectory="571f0ab4-98f3-4525-bbc1-630230fc8420" />
    <UnitTestResult executionId="e1a2a1d4-74ca-4c39-a3f2-be2a398103ef" testId="4415ad45-8815-7764-d877-af943af79b59" testName="FlipazonApiTest.ControllerTest.OrderControllerTests.GetOrdersByUserId_ThrowsUnhandledException_Returns500" computerName="ITT-HARDIK-S" duration="00:00:00.0028321" startTime="2025-05-18T10:34:16.8438160+05:30" endTime="2025-05-18T10:34:16.8438162+05:30" testType="13cdc9d9-ddb5-4fa4-a97d-d965ccfc6d4b" outcome="Passed" testListId="8c84fa94-04c1-424b-9868-57a2d4851a1d" relativeResultsDirectory="e1a2a1d4-74ca-4c39-a3f2-be2a398103ef" />
    <UnitTestResult executionId="469d96ef-d764-4a06-86c5-b0a0828915bb" testId="7f7d2574-598f-0386-a73d-490aadc6cffd" testName="FlipazonApiTest.ControllerTest.OrderControllerTests.GetOrdersByUserId_ThrowsHttpResponseException_Returns404" computerName="ITT-HARDIK-S" duration="00:00:00.0042947" startTime="2025-05-18T10:34:16.8409279+05:30" endTime="2025-05-18T10:34:16.8409281+05:30" testType="13cdc9d9-ddb5-4fa4-a97d-d965ccfc6d4b" outcome="Passed" testListId="8c84fa94-04c1-424b-9868-57a2d4851a1d" relativeResultsDirectory="469d96ef-d764-4a06-86c5-b0a0828915bb" />
    <UnitTestResult executionId="9863104f-c7fb-4a41-95c9-fb2a4e6a7d11" testId="d3910ba0-549c-0762-4976-8c15b6e6dd22" testName="FlipazonApiTest.ControllerTest.OrderControllerTests.PlaceOrder_ThrowsUnhandledException_Returns500" computerName="ITT-HARDIK-S" duration="00:00:00.0043489" startTime="2025-05-18T10:34:16.8327368+05:30" endTime="2025-05-18T10:34:16.8327369+05:30" testType="13cdc9d9-ddb5-4fa4-a97d-d965ccfc6d4b" outcome="Passed" testListId="8c84fa94-04c1-424b-9868-57a2d4851a1d" relativeResultsDirectory="9863104f-c7fb-4a41-95c9-fb2a4e6a7d11" />
    <UnitTestResult executionId="0ca5e975-f9da-417e-a6e6-94aa83845e4a" testId="d0e36666-ab8e-a679-1062-fd2e9caed1bb" testName="FlipazonApiTest.ServiceTest.AuthServiceTests.Login_UserNotFound_Throws404" computerName="ITT-HARDIK-S" duration="00:00:00.0126559" startTime="2025-05-18T10:34:16.8340376+05:30" endTime="2025-05-18T10:34:16.8340378+05:30" testType="13cdc9d9-ddb5-4fa4-a97d-d965ccfc6d4b" outcome="Passed" testListId="8c84fa94-04c1-424b-9868-57a2d4851a1d" relativeResultsDirectory="0ca5e975-f9da-417e-a6e6-94aa83845e4a" />
    <UnitTestResult executionId="22291e6c-630a-4707-b100-72f6d99130dc" testId="3431ceb0-764f-6380-fe1c-ac16434c1f6f" testName="FlipazonApiTest.ServiceTest.CategoryServiceTests.GetProductsByCategoryId_ValidId_ReturnsProducts" computerName="ITT-HARDIK-S" duration="00:00:00.0110926" startTime="2025-05-18T10:34:16.8404848+05:30" endTime="2025-05-18T10:34:16.8404852+05:30" testType="13cdc9d9-ddb5-4fa4-a97d-d965ccfc6d4b" outcome="Passed" testListId="8c84fa94-04c1-424b-9868-57a2d4851a1d" relativeResultsDirectory="22291e6c-630a-4707-b100-72f6d99130dc" />
    <UnitTestResult executionId="fd6553ff-ea84-47e2-af28-bb55e1c65a82" testId="e943fe61-ce26-2826-37dc-9c92b267ec02" testName="FlipazonApiTest.ControllerTest.CartControllerTests.GetCartItems_HttpResponseException_ReturnsProperStatusCode" computerName="ITT-HARDIK-S" duration="00:00:00.0027963" startTime="2025-05-18T10:34:16.8393451+05:30" endTime="2025-05-18T10:34:16.8393457+05:30" testType="13cdc9d9-ddb5-4fa4-a97d-d965ccfc6d4b" outcome="Passed" testListId="8c84fa94-04c1-424b-9868-57a2d4851a1d" relativeResultsDirectory="fd6553ff-ea84-47e2-af28-bb55e1c65a82" />
    <UnitTestResult executionId="4ec0eac1-f39d-4803-b6b9-cc47091f6459" testId="90066cf2-fdea-6f9a-98e5-ed4bb9d5e7fd" testName="FlipazonApiTest.ServiceTest.CartServiceTests.GetCartItemsByUserIdAsync_ReturnsJsonResult" computerName="ITT-HARDIK-S" duration="00:00:00.2568042" startTime="2025-05-18T10:34:16.7519468+05:30" endTime="2025-05-18T10:34:16.7519470+05:30" testType="13cdc9d9-ddb5-4fa4-a97d-d965ccfc6d4b" outcome="Passed" testListId="8c84fa94-04c1-424b-9868-57a2d4851a1d" relativeResultsDirectory="4ec0eac1-f39d-4803-b6b9-cc47091f6459" />
    <UnitTestResult executionId="0c6cef43-20bf-4d12-a9db-a58eb2dfe099" testId="1fc70e51-cc33-b84c-07c2-2c84ddc6f45e" testName="FlipazonApiTest.ControllerTest.CategoryControllerTests.GetCategories_ReturnsCategoryList" computerName="ITT-HARDIK-S" duration="00:00:00.0018002" startTime="2025-05-18T10:34:16.8472763+05:30" endTime="2025-05-18T10:34:16.8472764+05:30" testType="13cdc9d9-ddb5-4fa4-a97d-d965ccfc6d4b" outcome="Passed" testListId="8c84fa94-04c1-424b-9868-57a2d4851a1d" relativeResultsDirectory="0c6cef43-20bf-4d12-a9db-a58eb2dfe099" />
    <UnitTestResult executionId="c703b542-3db9-4eba-82aa-87172cc54806" testId="a408a8bb-973b-61c3-7bba-f70344092464" testName="FlipazonApiTest.ServiceTest.OrderServiceTests.GetOrdersByUserIdAsync_NoOrders_ReturnsMessage" computerName="ITT-HARDIK-S" duration="00:00:00.0024090" startTime="2025-05-18T10:34:16.8473340+05:30" endTime="2025-05-18T10:34:16.8473341+05:30" testType="13cdc9d9-ddb5-4fa4-a97d-d965ccfc6d4b" outcome="Passed" testListId="8c84fa94-04c1-424b-9868-57a2d4851a1d" relativeResultsDirectory="c703b542-3db9-4eba-82aa-87172cc54806" />
    <UnitTestResult executionId="dbc7dd65-59aa-4481-a4c1-06244213cf9b" testId="2e8bb8e5-f184-c6c1-d993-a08f524729b8" testName="FlipazonApiTest.ServiceTest.CartServiceTests.AddOrUpdateCartItemAsync_AddsNewItem_ReturnsSuccessMessage" computerName="ITT-HARDIK-S" duration="00:00:00.0184603" startTime="2025-05-18T10:34:16.8462718+05:30" endTime="2025-05-18T10:34:16.8462719+05:30" testType="13cdc9d9-ddb5-4fa4-a97d-d965ccfc6d4b" outcome="Passed" testListId="8c84fa94-04c1-424b-9868-57a2d4851a1d" relativeResultsDirectory="dbc7dd65-59aa-4481-a4c1-06244213cf9b" />
    <UnitTestResult executionId="81031782-8c8a-4652-9d68-90255dab486a" testId="77c3cbcd-8854-3fea-90a6-6bc0cea1cb2c" testName="FlipazonApiTest.ControllerTest.AuthControllerTests.SignUp_HttpResponseException_ReturnsErrorJsonResult" computerName="ITT-HARDIK-S" duration="00:00:00.2536742" startTime="2025-05-18T10:34:16.7400400+05:30" endTime="2025-05-18T10:34:16.7401158+05:30" testType="13cdc9d9-ddb5-4fa4-a97d-d965ccfc6d4b" outcome="Passed" testListId="8c84fa94-04c1-424b-9868-57a2d4851a1d" relativeResultsDirectory="81031782-8c8a-4652-9d68-90255dab486a" />
    <UnitTestResult executionId="f93dd3f1-5418-4b85-b947-b1a9aca65650" testId="845fcb2d-f0a7-827b-55f6-94a0633bf3b8" testName="FlipazonApiTest.ControllerTest.CartControllerTests.GetCartItems_ReturnsJsonResult" computerName="ITT-HARDIK-S" duration="00:00:00.0094860" startTime="2025-05-18T10:34:16.8443327+05:30" endTime="2025-05-18T10:34:16.8443328+05:30" testType="13cdc9d9-ddb5-4fa4-a97d-d965ccfc6d4b" outcome="Passed" testListId="8c84fa94-04c1-424b-9868-57a2d4851a1d" relativeResultsDirectory="f93dd3f1-5418-4b85-b947-b1a9aca65650" />
    <UnitTestResult executionId="34504b51-3ccf-4a28-8ba1-c896af20b6fd" testId="630cce50-cb44-7335-7416-e0f69485ba43" testName="FlipazonApiTest.ServiceTest.AuthServiceTests.SignUp_Successful_ReturnsJsonResult" computerName="ITT-HARDIK-S" duration="00:00:00.2486143" startTime="2025-05-18T10:34:16.7520144+05:30" endTime="2025-05-18T10:34:16.7520146+05:30" testType="13cdc9d9-ddb5-4fa4-a97d-d965ccfc6d4b" outcome="Passed" testListId="8c84fa94-04c1-424b-9868-57a2d4851a1d" relativeResultsDirectory="34504b51-3ccf-4a28-8ba1-c896af20b6fd" />
    <UnitTestResult executionId="d261925f-6a3f-4128-b4f0-0ee765025de1" testId="106fcf58-0899-94af-1a45-279a22a719b8" testName="FlipazonApiTest.ControllerTest.AuthControllerTests.Login_ReturnsSuccessJsonResult" computerName="ITT-HARDIK-S" duration="00:00:00.0149053" startTime="2025-05-18T10:34:16.8458753+05:30" endTime="2025-05-18T10:34:16.8458754+05:30" testType="13cdc9d9-ddb5-4fa4-a97d-d965ccfc6d4b" outcome="Passed" testListId="8c84fa94-04c1-424b-9868-57a2d4851a1d" relativeResultsDirectory="d261925f-6a3f-4128-b4f0-0ee765025de1" />
    <UnitTestResult executionId="d2bb51b3-5dce-4646-a823-bdc0fa33669e" testId="22f36e36-2b40-57b3-0e99-378afac9e1d3" testName="FlipazonApiTest.ServiceTest.CartServiceTests.AddOrUpdateCartItemAsync_UpdatesExistingItem_ReturnsSuccessMessage" computerName="ITT-HARDIK-S" duration="00:00:00.0116919" startTime="2025-05-18T10:34:16.8474259+05:30" endTime="2025-05-18T10:34:16.8474260+05:30" testType="13cdc9d9-ddb5-4fa4-a97d-d965ccfc6d4b" outcome="Passed" testListId="8c84fa94-04c1-424b-9868-57a2d4851a1d" relativeResultsDirectory="d2bb51b3-5dce-4646-a823-bdc0fa33669e" />
    <UnitTestResult executionId="075db4db-6c6f-42e0-8ee4-e9c33808048c" testId="c0298886-1b1e-4211-a413-4d5e3c655ba2" testName="FlipazonApiTest.ControllerTest.CategoryControllerTests.GetProductsByCategoryId_ThrowsHttpResponseException_Returns404" computerName="ITT-HARDIK-S" duration="00:00:00.0052830" startTime="2025-05-18T10:34:16.8460786+05:30" endTime="2025-05-18T10:34:16.8460787+05:30" testType="13cdc9d9-ddb5-4fa4-a97d-d965ccfc6d4b" outcome="Passed" testListId="8c84fa94-04c1-424b-9868-57a2d4851a1d" relativeResultsDirectory="075db4db-6c6f-42e0-8ee4-e9c33808048c" />
    <UnitTestResult executionId="2069b9c2-d6d4-499b-a9c7-af9d90175b9e" testId="2d852f14-6c8d-a589-c704-7ca86bdd3dd1" testName="FlipazonApiTest.ControllerTest.AuthControllerTests.Login_UnexpectedException_Returns500JsonResult" computerName="ITT-HARDIK-S" duration="00:00:00.0272516" startTime="2025-05-18T10:34:16.8440596+05:30" endTime="2025-05-18T10:34:16.8440597+05:30" testType="13cdc9d9-ddb5-4fa4-a97d-d965ccfc6d4b" outcome="Passed" testListId="8c84fa94-04c1-424b-9868-57a2d4851a1d" relativeResultsDirectory="2069b9c2-d6d4-499b-a9c7-af9d90175b9e" />
    <UnitTestResult executionId="ce42c64a-c5a6-4335-b296-2876e0a5f321" testId="d99f1b4e-6ffa-1f9b-dd06-7d6777923099" testName="FlipazonApiTest.ControllerTest.CartControllerTests.AddOrUpdateCartItem_UnhandledException_Returns500" computerName="ITT-HARDIK-S" duration="00:00:00.0066484" startTime="2025-05-18T10:34:16.8411863+05:30" endTime="2025-05-18T10:34:16.8411866+05:30" testType="13cdc9d9-ddb5-4fa4-a97d-d965ccfc6d4b" outcome="Passed" testListId="8c84fa94-04c1-424b-9868-57a2d4851a1d" relativeResultsDirectory="ce42c64a-c5a6-4335-b296-2876e0a5f321" />
    <UnitTestResult executionId="019675e9-b2cf-49d8-b4c5-67da1967b5ed" testId="42bee37d-33aa-7e22-379c-a5e060d6ea6a" testName="FlipazonApiTest.ServiceTest.AuthServiceTests.Login_Successful_ReturnsJsonResult" computerName="ITT-HARDIK-S" duration="00:00:00.0118917" startTime="2025-05-18T10:34:16.8446064+05:30" endTime="2025-05-18T10:34:16.8446066+05:30" testType="13cdc9d9-ddb5-4fa4-a97d-d965ccfc6d4b" outcome="Passed" testListId="8c84fa94-04c1-424b-9868-57a2d4851a1d" relativeResultsDirectory="019675e9-b2cf-49d8-b4c5-67da1967b5ed" />
    <UnitTestResult executionId="4a67f226-00ad-4900-9b37-9f8e465e1741" testId="9505c6e4-7608-d247-896d-4bf045f4bb1d" testName="FlipazonApiTest.ServiceTest.CartServiceTests.RemoveOrderedItemsAsync_CallsRepositoryMethods" computerName="ITT-HARDIK-S" duration="00:00:00.0345872" startTime="2025-05-18T10:34:16.8444722+05:30" endTime="2025-05-18T10:34:16.8444723+05:30" testType="13cdc9d9-ddb5-4fa4-a97d-d965ccfc6d4b" outcome="Passed" testListId="8c84fa94-04c1-424b-9868-57a2d4851a1d" relativeResultsDirectory="4a67f226-00ad-4900-9b37-9f8e465e1741" />
    <UnitTestResult executionId="184346ef-9e00-4626-a21d-0e328da27941" testId="949bf181-aab8-88d6-8ae9-b32814289099" testName="FlipazonApiTest.ControllerTest.AuthControllerTests.Login_HttpResponseException_ReturnsErrorJsonResult" computerName="ITT-HARDIK-S" duration="00:00:00.0036339" startTime="2025-05-18T10:34:16.8459705+05:30" endTime="2025-05-18T10:34:16.8459707+05:30" testType="13cdc9d9-ddb5-4fa4-a97d-d965ccfc6d4b" outcome="Passed" testListId="8c84fa94-04c1-424b-9868-57a2d4851a1d" relativeResultsDirectory="184346ef-9e00-4626-a21d-0e328da27941" />
    <UnitTestResult executionId="2add3d82-c7bc-43f7-9694-ced9c3400c36" testId="e066e50f-0970-edfc-782d-cf7b3c7a1860" testName="FlipazonApiTest.ControllerTest.CartControllerTests.AddOrUpdateCartItem_ReturnsSuccessJson" computerName="ITT-HARDIK-S" duration="00:00:00.0057824" startTime="2025-05-18T10:34:16.8456728+05:30" endTime="2025-05-18T10:34:16.8456729+05:30" testType="13cdc9d9-ddb5-4fa4-a97d-d965ccfc6d4b" outcome="Passed" testListId="8c84fa94-04c1-424b-9868-57a2d4851a1d" relativeResultsDirectory="2add3d82-c7bc-43f7-9694-ced9c3400c36" />
    <UnitTestResult executionId="354c9326-fc12-46a7-9de8-1ac32f767c18" testId="6c73e3f0-a5c4-55db-78e4-b89fa7e0f6e5" testName="FlipazonApiTest.ServiceTest.OrderServiceTests.PlaceOrderAsync_ReturnsJsonResultWithOrderData" computerName="ITT-HARDIK-S" duration="00:00:00.2567987" startTime="2025-05-18T10:34:16.7520369+05:30" endTime="2025-05-18T10:34:16.7520370+05:30" testType="13cdc9d9-ddb5-4fa4-a97d-d965ccfc6d4b" outcome="Passed" testListId="8c84fa94-04c1-424b-9868-57a2d4851a1d" relativeResultsDirectory="354c9326-fc12-46a7-9de8-1ac32f767c18" />
    <UnitTestResult executionId="1859d724-0a16-4dbf-a59d-a2e14d59a610" testId="c45d5e62-e99e-2ed5-c9ee-78f4161edaeb" testName="FlipazonApiTest.ControllerTest.CategoryControllerTests.GetCategories_ThrowsUnhandledException_Returns500" computerName="ITT-HARDIK-S" duration="00:00:00.0021923" startTime="2025-05-18T10:34:16.8461899+05:30" endTime="2025-05-18T10:34:16.8461900+05:30" testType="13cdc9d9-ddb5-4fa4-a97d-d965ccfc6d4b" outcome="Passed" testListId="8c84fa94-04c1-424b-9868-57a2d4851a1d" relativeResultsDirectory="1859d724-0a16-4dbf-a59d-a2e14d59a610" />
  </Results>
  <TestDefinitions>
    <UnitTest name="FlipazonApiTest.ControllerTest.CartControllerTests.AddOrUpdateCartItem_UnhandledException_Returns500" storage="d:\l&amp;c project\learn-and-code\flipazonapitest\bin\debug\net9.0\flipazonapitest.dll" id="d99f1b4e-6ffa-1f9b-dd06-7d6777923099">
      <Execution id="ce42c64a-c5a6-4335-b296-2876e0a5f321" />
      <TestMethod codeBase="D:\L&amp;C Project\Learn-and-Code\FlipazonApiTest\bin\Debug\net9.0\FlipazonApiTest.dll" adapterTypeName="executor://xunit/VsTestRunner2/netcoreapp" className="FlipazonApiTest.ControllerTest.CartControllerTests" name="AddOrUpdateCartItem_UnhandledException_Returns500" />
    </UnitTest>
    <UnitTest name="FlipazonApiTest.ControllerTest.AuthControllerTests.Login_ReturnsSuccessJsonResult" storage="d:\l&amp;c project\learn-and-code\flipazonapitest\bin\debug\net9.0\flipazonapitest.dll" id="106fcf58-0899-94af-1a45-279a22a719b8">
      <Execution id="d261925f-6a3f-4128-b4f0-0ee765025de1" />
      <TestMethod codeBase="D:\L&amp;C Project\Learn-and-Code\FlipazonApiTest\bin\Debug\net9.0\FlipazonApiTest.dll" adapterTypeName="executor://xunit/VsTestRunner2/netcoreapp" className="FlipazonApiTest.ControllerTest.AuthControllerTests" name="Login_ReturnsSuccessJsonResult" />
    </UnitTest>
    <UnitTest name="FlipazonApiTest.ControllerTest.CategoryControllerTests.GetProductsByCategoryId_ThrowsUnhandledException_Returns500" storage="d:\l&amp;c project\learn-and-code\flipazonapitest\bin\debug\net9.0\flipazonapitest.dll" id="266e2396-b22f-2a8a-5505-5103de124471">
      <Execution id="73413b46-64c1-47cf-980c-c03a3204e349" />
      <TestMethod codeBase="D:\L&amp;C Project\Learn-and-Code\FlipazonApiTest\bin\Debug\net9.0\FlipazonApiTest.dll" adapterTypeName="executor://xunit/VsTestRunner2/netcoreapp" className="FlipazonApiTest.ControllerTest.CategoryControllerTests" name="GetProductsByCategoryId_ThrowsUnhandledException_Returns500" />
    </UnitTest>
    <UnitTest name="FlipazonApiTest.ControllerTest.OrderControllerTests.PlaceOrder_ReturnsSuccessResponse" storage="d:\l&amp;c project\learn-and-code\flipazonapitest\bin\debug\net9.0\flipazonapitest.dll" id="620bad27-2f51-72e5-f8d3-34d98e634c61">
      <Execution id="8486f8c2-2cc2-4768-8948-017ca82edf1b" />
      <TestMethod codeBase="D:\L&amp;C Project\Learn-and-Code\FlipazonApiTest\bin\Debug\net9.0\FlipazonApiTest.dll" adapterTypeName="executor://xunit/VsTestRunner2/netcoreapp" className="FlipazonApiTest.ControllerTest.OrderControllerTests" name="PlaceOrder_ReturnsSuccessResponse" />
    </UnitTest>
    <UnitTest name="FlipazonApiTest.ServiceTest.AuthServiceTests.Login_WrongPassword_Throws401" storage="d:\l&amp;c project\learn-and-code\flipazonapitest\bin\debug\net9.0\flipazonapitest.dll" id="c49da429-29df-2cba-f69f-ef2e36f2f14e">
      <Execution id="6982702e-cab2-44f3-a911-374153a1f93e" />
      <TestMethod codeBase="D:\L&amp;C Project\Learn-and-Code\FlipazonApiTest\bin\Debug\net9.0\FlipazonApiTest.dll" adapterTypeName="executor://xunit/VsTestRunner2/netcoreapp" className="FlipazonApiTest.ServiceTest.AuthServiceTests" name="Login_WrongPassword_Throws401" />
    </UnitTest>
    <UnitTest name="FlipazonApiTest.ServiceTest.CategoryServiceTests.GetAllCategories_ReturnsListOfCategories" storage="d:\l&amp;c project\learn-and-code\flipazonapitest\bin\debug\net9.0\flipazonapitest.dll" id="3da68fa5-dc86-6453-1bd3-ae1efc35e76a">
      <Execution id="0bc2ea7b-33cc-48ce-aabb-c20da7b5a934" />
      <TestMethod codeBase="D:\L&amp;C Project\Learn-and-Code\FlipazonApiTest\bin\Debug\net9.0\FlipazonApiTest.dll" adapterTypeName="executor://xunit/VsTestRunner2/netcoreapp" className="FlipazonApiTest.ServiceTest.CategoryServiceTests" name="GetAllCategories_ReturnsListOfCategories" />
    </UnitTest>
    <UnitTest name="FlipazonApiTest.ServiceTest.AuthServiceTests.Login_Successful_ReturnsJsonResult" storage="d:\l&amp;c project\learn-and-code\flipazonapitest\bin\debug\net9.0\flipazonapitest.dll" id="42bee37d-33aa-7e22-379c-a5e060d6ea6a">
      <Execution id="019675e9-b2cf-49d8-b4c5-67da1967b5ed" />
      <TestMethod codeBase="D:\L&amp;C Project\Learn-and-Code\FlipazonApiTest\bin\Debug\net9.0\FlipazonApiTest.dll" adapterTypeName="executor://xunit/VsTestRunner2/netcoreapp" className="FlipazonApiTest.ServiceTest.AuthServiceTests" name="Login_Successful_ReturnsJsonResult" />
    </UnitTest>
    <UnitTest name="FlipazonApiTest.ControllerTest.CategoryControllerTests.GetCategories_ThrowsUnhandledException_Returns500" storage="d:\l&amp;c project\learn-and-code\flipazonapitest\bin\debug\net9.0\flipazonapitest.dll" id="c45d5e62-e99e-2ed5-c9ee-78f4161edaeb">
      <Execution id="1859d724-0a16-4dbf-a59d-a2e14d59a610" />
      <TestMethod codeBase="D:\L&amp;C Project\Learn-and-Code\FlipazonApiTest\bin\Debug\net9.0\FlipazonApiTest.dll" adapterTypeName="executor://xunit/VsTestRunner2/netcoreapp" className="FlipazonApiTest.ControllerTest.CategoryControllerTests" name="GetCategories_ThrowsUnhandledException_Returns500" />
    </UnitTest>
    <UnitTest name="FlipazonApiTest.ServiceTest.CartServiceTests.RemoveOrderedItemsAsync_CallsRepositoryMethods" storage="d:\l&amp;c project\learn-and-code\flipazonapitest\bin\debug\net9.0\flipazonapitest.dll" id="9505c6e4-7608-d247-896d-4bf045f4bb1d">
      <Execution id="4a67f226-00ad-4900-9b37-9f8e465e1741" />
      <TestMethod codeBase="D:\L&amp;C Project\Learn-and-Code\FlipazonApiTest\bin\Debug\net9.0\FlipazonApiTest.dll" adapterTypeName="executor://xunit/VsTestRunner2/netcoreapp" className="FlipazonApiTest.ServiceTest.CartServiceTests" name="RemoveOrderedItemsAsync_CallsRepositoryMethods" />
    </UnitTest>
    <UnitTest name="FlipazonApiTest.ServiceTest.OrderServiceTests.GetOrdersByUserIdAsync_NoOrders_ReturnsMessage" storage="d:\l&amp;c project\learn-and-code\flipazonapitest\bin\debug\net9.0\flipazonapitest.dll" id="a408a8bb-973b-61c3-7bba-f70344092464">
      <Execution id="c703b542-3db9-4eba-82aa-87172cc54806" />
      <TestMethod codeBase="D:\L&amp;C Project\Learn-and-Code\FlipazonApiTest\bin\Debug\net9.0\FlipazonApiTest.dll" adapterTypeName="executor://xunit/VsTestRunner2/netcoreapp" className="FlipazonApiTest.ServiceTest.OrderServiceTests" name="GetOrdersByUserIdAsync_NoOrders_ReturnsMessage" />
    </UnitTest>
    <UnitTest name="FlipazonApiTest.ControllerTest.CartControllerTests.AddOrUpdateCartItem_HttpResponseException_ReturnsProperStatusCode" storage="d:\l&amp;c project\learn-and-code\flipazonapitest\bin\debug\net9.0\flipazonapitest.dll" id="04dcb527-1843-dd27-c34b-eb34cbae9a4c">
      <Execution id="c18041ea-63e0-4979-af23-aa0a631c2188" />
      <TestMethod codeBase="D:\L&amp;C Project\Learn-and-Code\FlipazonApiTest\bin\Debug\net9.0\FlipazonApiTest.dll" adapterTypeName="executor://xunit/VsTestRunner2/netcoreapp" className="FlipazonApiTest.ControllerTest.CartControllerTests" name="AddOrUpdateCartItem_HttpResponseException_ReturnsProperStatusCode" />
    </UnitTest>
    <UnitTest name="FlipazonApiTest.ControllerTest.AuthControllerTests.Login_UnexpectedException_Returns500JsonResult" storage="d:\l&amp;c project\learn-and-code\flipazonapitest\bin\debug\net9.0\flipazonapitest.dll" id="2d852f14-6c8d-a589-c704-7ca86bdd3dd1">
      <Execution id="2069b9c2-d6d4-499b-a9c7-af9d90175b9e" />
      <TestMethod codeBase="D:\L&amp;C Project\Learn-and-Code\FlipazonApiTest\bin\Debug\net9.0\FlipazonApiTest.dll" adapterTypeName="executor://xunit/VsTestRunner2/netcoreapp" className="FlipazonApiTest.ControllerTest.AuthControllerTests" name="Login_UnexpectedException_Returns500JsonResult" />
    </UnitTest>
    <UnitTest name="FlipazonApiTest.ServiceTest.AuthServiceTests.SignUp_Successful_ReturnsJsonResult" storage="d:\l&amp;c project\learn-and-code\flipazonapitest\bin\debug\net9.0\flipazonapitest.dll" id="630cce50-cb44-7335-7416-e0f69485ba43">
      <Execution id="34504b51-3ccf-4a28-8ba1-c896af20b6fd" />
      <TestMethod codeBase="D:\L&amp;C Project\Learn-and-Code\FlipazonApiTest\bin\Debug\net9.0\FlipazonApiTest.dll" adapterTypeName="executor://xunit/VsTestRunner2/netcoreapp" className="FlipazonApiTest.ServiceTest.AuthServiceTests" name="SignUp_Successful_ReturnsJsonResult" />
    </UnitTest>
    <UnitTest name="FlipazonApiTest.ControllerTest.CategoryControllerTests.GetCategories_ReturnsCategoryList" storage="d:\l&amp;c project\learn-and-code\flipazonapitest\bin\debug\net9.0\flipazonapitest.dll" id="1fc70e51-cc33-b84c-07c2-2c84ddc6f45e">
      <Execution id="0c6cef43-20bf-4d12-a9db-a58eb2dfe099" />
      <TestMethod codeBase="D:\L&amp;C Project\Learn-and-Code\FlipazonApiTest\bin\Debug\net9.0\FlipazonApiTest.dll" adapterTypeName="executor://xunit/VsTestRunner2/netcoreapp" className="FlipazonApiTest.ControllerTest.CategoryControllerTests" name="GetCategories_ReturnsCategoryList" />
    </UnitTest>
    <UnitTest name="FlipazonApiTest.ControllerTest.OrderControllerTests.GetOrdersByUserId_ThrowsHttpResponseException_Returns404" storage="d:\l&amp;c project\learn-and-code\flipazonapitest\bin\debug\net9.0\flipazonapitest.dll" id="7f7d2574-598f-0386-a73d-490aadc6cffd">
      <Execution id="469d96ef-d764-4a06-86c5-b0a0828915bb" />
      <TestMethod codeBase="D:\L&amp;C Project\Learn-and-Code\FlipazonApiTest\bin\Debug\net9.0\FlipazonApiTest.dll" adapterTypeName="executor://xunit/VsTestRunner2/netcoreapp" className="FlipazonApiTest.ControllerTest.OrderControllerTests" name="GetOrdersByUserId_ThrowsHttpResponseException_Returns404" />
    </UnitTest>
    <UnitTest name="FlipazonApiTest.ControllerTest.CartControllerTests.GetCartItems_ReturnsJsonResult" storage="d:\l&amp;c project\learn-and-code\flipazonapitest\bin\debug\net9.0\flipazonapitest.dll" id="845fcb2d-f0a7-827b-55f6-94a0633bf3b8">
      <Execution id="f93dd3f1-5418-4b85-b947-b1a9aca65650" />
      <TestMethod codeBase="D:\L&amp;C Project\Learn-and-Code\FlipazonApiTest\bin\Debug\net9.0\FlipazonApiTest.dll" adapterTypeName="executor://xunit/VsTestRunner2/netcoreapp" className="FlipazonApiTest.ControllerTest.CartControllerTests" name="GetCartItems_ReturnsJsonResult" />
    </UnitTest>
    <UnitTest name="FlipazonApiTest.ControllerTest.OrderControllerTests.PlaceOrder_ThrowsUnhandledException_Returns500" storage="d:\l&amp;c project\learn-and-code\flipazonapitest\bin\debug\net9.0\flipazonapitest.dll" id="d3910ba0-549c-0762-4976-8c15b6e6dd22">
      <Execution id="9863104f-c7fb-4a41-95c9-fb2a4e6a7d11" />
      <TestMethod codeBase="D:\L&amp;C Project\Learn-and-Code\FlipazonApiTest\bin\Debug\net9.0\FlipazonApiTest.dll" adapterTypeName="executor://xunit/VsTestRunner2/netcoreapp" className="FlipazonApiTest.ControllerTest.OrderControllerTests" name="PlaceOrder_ThrowsUnhandledException_Returns500" />
    </UnitTest>
    <UnitTest name="FlipazonApiTest.ServiceTest.CategoryServiceTests.GetProductsByCategoryId_InvalidId_Returns404" storage="d:\l&amp;c project\learn-and-code\flipazonapitest\bin\debug\net9.0\flipazonapitest.dll" id="78f4e7c7-89ed-67e3-d037-232cf2b7a425">
      <Execution id="883015be-1bc7-4254-beac-4f3db721d1ed" />
      <TestMethod codeBase="D:\L&amp;C Project\Learn-and-Code\FlipazonApiTest\bin\Debug\net9.0\FlipazonApiTest.dll" adapterTypeName="executor://xunit/VsTestRunner2/netcoreapp" className="FlipazonApiTest.ServiceTest.CategoryServiceTests" name="GetProductsByCategoryId_InvalidId_Returns404" />
    </UnitTest>
    <UnitTest name="FlipazonApiTest.ControllerTest.CategoryControllerTests.GetProductsByCategoryId_ThrowsHttpResponseException_Returns404" storage="d:\l&amp;c project\learn-and-code\flipazonapitest\bin\debug\net9.0\flipazonapitest.dll" id="c0298886-1b1e-4211-a413-4d5e3c655ba2">
      <Execution id="075db4db-6c6f-42e0-8ee4-e9c33808048c" />
      <TestMethod codeBase="D:\L&amp;C Project\Learn-and-Code\FlipazonApiTest\bin\Debug\net9.0\FlipazonApiTest.dll" adapterTypeName="executor://xunit/VsTestRunner2/netcoreapp" className="FlipazonApiTest.ControllerTest.CategoryControllerTests" name="GetProductsByCategoryId_ThrowsHttpResponseException_Returns404" />
    </UnitTest>
    <UnitTest name="FlipazonApiTest.ControllerTest.AuthControllerTests.SignUp_HttpResponseException_ReturnsErrorJsonResult" storage="d:\l&amp;c project\learn-and-code\flipazonapitest\bin\debug\net9.0\flipazonapitest.dll" id="77c3cbcd-8854-3fea-90a6-6bc0cea1cb2c">
      <Execution id="81031782-8c8a-4652-9d68-90255dab486a" />
      <TestMethod codeBase="D:\L&amp;C Project\Learn-and-Code\FlipazonApiTest\bin\Debug\net9.0\FlipazonApiTest.dll" adapterTypeName="executor://xunit/VsTestRunner2/netcoreapp" className="FlipazonApiTest.ControllerTest.AuthControllerTests" name="SignUp_HttpResponseException_ReturnsErrorJsonResult" />
    </UnitTest>
    <UnitTest name="FlipazonApiTest.ControllerTest.AuthControllerTests.SignUp_ReturnsSuccessJsonResult" storage="d:\l&amp;c project\learn-and-code\flipazonapitest\bin\debug\net9.0\flipazonapitest.dll" id="37cfde0a-922e-a7a3-ea07-0e585915698e">
      <Execution id="2d023d50-45b5-49c5-9ce3-e00a764a47ce" />
      <TestMethod codeBase="D:\L&amp;C Project\Learn-and-Code\FlipazonApiTest\bin\Debug\net9.0\FlipazonApiTest.dll" adapterTypeName="executor://xunit/VsTestRunner2/netcoreapp" className="FlipazonApiTest.ControllerTest.AuthControllerTests" name="SignUp_ReturnsSuccessJsonResult" />
    </UnitTest>
    <UnitTest name="FlipazonApiTest.ServiceTest.AuthServiceTests.SignUp_EmailExists_Throws409" storage="d:\l&amp;c project\learn-and-code\flipazonapitest\bin\debug\net9.0\flipazonapitest.dll" id="b27d5052-7e00-fdab-ea3a-a71f6326ccc4">
      <Execution id="ea36e935-189d-481d-934b-ba186798fc96" />
      <TestMethod codeBase="D:\L&amp;C Project\Learn-and-Code\FlipazonApiTest\bin\Debug\net9.0\FlipazonApiTest.dll" adapterTypeName="executor://xunit/VsTestRunner2/netcoreapp" className="FlipazonApiTest.ServiceTest.AuthServiceTests" name="SignUp_EmailExists_Throws409" />
    </UnitTest>
    <UnitTest name="FlipazonApiTest.ControllerTest.CartControllerTests.AddOrUpdateCartItem_ReturnsSuccessJson" storage="d:\l&amp;c project\learn-and-code\flipazonapitest\bin\debug\net9.0\flipazonapitest.dll" id="e066e50f-0970-edfc-782d-cf7b3c7a1860">
      <Execution id="2add3d82-c7bc-43f7-9694-ced9c3400c36" />
      <TestMethod codeBase="D:\L&amp;C Project\Learn-and-Code\FlipazonApiTest\bin\Debug\net9.0\FlipazonApiTest.dll" adapterTypeName="executor://xunit/VsTestRunner2/netcoreapp" className="FlipazonApiTest.ControllerTest.CartControllerTests" name="AddOrUpdateCartItem_ReturnsSuccessJson" />
    </UnitTest>
    <UnitTest name="FlipazonApiTest.ServiceTest.CategoryServiceTests.GetProductsByCategoryId_ValidId_ReturnsProducts" storage="d:\l&amp;c project\learn-and-code\flipazonapitest\bin\debug\net9.0\flipazonapitest.dll" id="3431ceb0-764f-6380-fe1c-ac16434c1f6f">
      <Execution id="22291e6c-630a-4707-b100-72f6d99130dc" />
      <TestMethod codeBase="D:\L&amp;C Project\Learn-and-Code\FlipazonApiTest\bin\Debug\net9.0\FlipazonApiTest.dll" adapterTypeName="executor://xunit/VsTestRunner2/netcoreapp" className="FlipazonApiTest.ServiceTest.CategoryServiceTests" name="GetProductsByCategoryId_ValidId_ReturnsProducts" />
    </UnitTest>
    <UnitTest name="FlipazonApiTest.ControllerTest.OrderControllerTests.GetOrdersByUserId_ReturnsOrderList" storage="d:\l&amp;c project\learn-and-code\flipazonapitest\bin\debug\net9.0\flipazonapitest.dll" id="47c564f0-2db9-c859-1e01-c0aeafe12e1a">
      <Execution id="fcd09d89-b503-4f55-9b06-376b1e3a3771" />
      <TestMethod codeBase="D:\L&amp;C Project\Learn-and-Code\FlipazonApiTest\bin\Debug\net9.0\FlipazonApiTest.dll" adapterTypeName="executor://xunit/VsTestRunner2/netcoreapp" className="FlipazonApiTest.ControllerTest.OrderControllerTests" name="GetOrdersByUserId_ReturnsOrderList" />
    </UnitTest>
    <UnitTest name="FlipazonApiTest.ControllerTest.CategoryControllerTests.GetCategories_ThrowsHttpResponseException_ReturnsProperStatus" storage="d:\l&amp;c project\learn-and-code\flipazonapitest\bin\debug\net9.0\flipazonapitest.dll" id="862d09f0-32e5-0251-7e11-c4e5e4c6b64a">
      <Execution id="6f1ee5e9-5e30-473e-bfb0-ed624b4a8590" />
      <TestMethod codeBase="D:\L&amp;C Project\Learn-and-Code\FlipazonApiTest\bin\Debug\net9.0\FlipazonApiTest.dll" adapterTypeName="executor://xunit/VsTestRunner2/netcoreapp" className="FlipazonApiTest.ControllerTest.CategoryControllerTests" name="GetCategories_ThrowsHttpResponseException_ReturnsProperStatus" />
    </UnitTest>
    <UnitTest name="FlipazonApiTest.ControllerTest.CategoryControllerTests.GetProductsByCategoryId_ReturnsProductList" storage="d:\l&amp;c project\learn-and-code\flipazonapitest\bin\debug\net9.0\flipazonapitest.dll" id="de00011b-357a-8331-e054-e9df0dfedb2e">
      <Execution id="e7f16fe2-27ee-49cf-83bc-7ad60892adc2" />
      <TestMethod codeBase="D:\L&amp;C Project\Learn-and-Code\FlipazonApiTest\bin\Debug\net9.0\FlipazonApiTest.dll" adapterTypeName="executor://xunit/VsTestRunner2/netcoreapp" className="FlipazonApiTest.ControllerTest.CategoryControllerTests" name="GetProductsByCategoryId_ReturnsProductList" />
    </UnitTest>
    <UnitTest name="FlipazonApiTest.ServiceTest.CartServiceTests.AddOrUpdateCartItemAsync_AddsNewItem_ReturnsSuccessMessage" storage="d:\l&amp;c project\learn-and-code\flipazonapitest\bin\debug\net9.0\flipazonapitest.dll" id="2e8bb8e5-f184-c6c1-d993-a08f524729b8">
      <Execution id="dbc7dd65-59aa-4481-a4c1-06244213cf9b" />
      <TestMethod codeBase="D:\L&amp;C Project\Learn-and-Code\FlipazonApiTest\bin\Debug\net9.0\FlipazonApiTest.dll" adapterTypeName="executor://xunit/VsTestRunner2/netcoreapp" className="FlipazonApiTest.ServiceTest.CartServiceTests" name="AddOrUpdateCartItemAsync_AddsNewItem_ReturnsSuccessMessage" />
    </UnitTest>
    <UnitTest name="FlipazonApiTest.ControllerTest.OrderControllerTests.PlaceOrder_ThrowsHttpResponseException_ReturnsProperStatus" storage="d:\l&amp;c project\learn-and-code\flipazonapitest\bin\debug\net9.0\flipazonapitest.dll" id="df90cf4e-f2c7-07c1-dbf5-19d76b12672c">
      <Execution id="571f0ab4-98f3-4525-bbc1-630230fc8420" />
      <TestMethod codeBase="D:\L&amp;C Project\Learn-and-Code\FlipazonApiTest\bin\Debug\net9.0\FlipazonApiTest.dll" adapterTypeName="executor://xunit/VsTestRunner2/netcoreapp" className="FlipazonApiTest.ControllerTest.OrderControllerTests" name="PlaceOrder_ThrowsHttpResponseException_ReturnsProperStatus" />
    </UnitTest>
    <UnitTest name="FlipazonApiTest.ServiceTest.AuthServiceTests.Login_UserNotFound_Throws404" storage="d:\l&amp;c project\learn-and-code\flipazonapitest\bin\debug\net9.0\flipazonapitest.dll" id="d0e36666-ab8e-a679-1062-fd2e9caed1bb">
      <Execution id="0ca5e975-f9da-417e-a6e6-94aa83845e4a" />
      <TestMethod codeBase="D:\L&amp;C Project\Learn-and-Code\FlipazonApiTest\bin\Debug\net9.0\FlipazonApiTest.dll" adapterTypeName="executor://xunit/VsTestRunner2/netcoreapp" className="FlipazonApiTest.ServiceTest.AuthServiceTests" name="Login_UserNotFound_Throws404" />
    </UnitTest>
    <UnitTest name="FlipazonApiTest.ServiceTest.OrderServiceTests.PlaceOrderAsync_ReturnsJsonResultWithOrderData" storage="d:\l&amp;c project\learn-and-code\flipazonapitest\bin\debug\net9.0\flipazonapitest.dll" id="6c73e3f0-a5c4-55db-78e4-b89fa7e0f6e5">
      <Execution id="354c9326-fc12-46a7-9de8-1ac32f767c18" />
      <TestMethod codeBase="D:\L&amp;C Project\Learn-and-Code\FlipazonApiTest\bin\Debug\net9.0\FlipazonApiTest.dll" adapterTypeName="executor://xunit/VsTestRunner2/netcoreapp" className="FlipazonApiTest.ServiceTest.OrderServiceTests" name="PlaceOrderAsync_ReturnsJsonResultWithOrderData" />
    </UnitTest>
    <UnitTest name="FlipazonApiTest.ControllerTest.CartControllerTests.GetCartItems_UnhandledException_Returns500" storage="d:\l&amp;c project\learn-and-code\flipazonapitest\bin\debug\net9.0\flipazonapitest.dll" id="f76ee3ac-a539-7533-c2ad-f5f1819d29d6">
      <Execution id="9bd01caa-19e9-4f85-a3c4-75fe0605ac26" />
      <TestMethod codeBase="D:\L&amp;C Project\Learn-and-Code\FlipazonApiTest\bin\Debug\net9.0\FlipazonApiTest.dll" adapterTypeName="executor://xunit/VsTestRunner2/netcoreapp" className="FlipazonApiTest.ControllerTest.CartControllerTests" name="GetCartItems_UnhandledException_Returns500" />
    </UnitTest>
    <UnitTest name="FlipazonApiTest.ServiceTest.OrderServiceTests.GetOrdersByUserIdAsync_WithOrders_ReturnsOrderList" storage="d:\l&amp;c project\learn-and-code\flipazonapitest\bin\debug\net9.0\flipazonapitest.dll" id="57a9a9da-dc82-6072-a53e-1d767a80cc62">
      <Execution id="069757f1-22b0-409e-b9ff-00dfc2341a82" />
      <TestMethod codeBase="D:\L&amp;C Project\Learn-and-Code\FlipazonApiTest\bin\Debug\net9.0\FlipazonApiTest.dll" adapterTypeName="executor://xunit/VsTestRunner2/netcoreapp" className="FlipazonApiTest.ServiceTest.OrderServiceTests" name="GetOrdersByUserIdAsync_WithOrders_ReturnsOrderList" />
    </UnitTest>
    <UnitTest name="FlipazonApiTest.ControllerTest.CartControllerTests.GetCartItems_HttpResponseException_ReturnsProperStatusCode" storage="d:\l&amp;c project\learn-and-code\flipazonapitest\bin\debug\net9.0\flipazonapitest.dll" id="e943fe61-ce26-2826-37dc-9c92b267ec02">
      <Execution id="fd6553ff-ea84-47e2-af28-bb55e1c65a82" />
      <TestMethod codeBase="D:\L&amp;C Project\Learn-and-Code\FlipazonApiTest\bin\Debug\net9.0\FlipazonApiTest.dll" adapterTypeName="executor://xunit/VsTestRunner2/netcoreapp" className="FlipazonApiTest.ControllerTest.CartControllerTests" name="GetCartItems_HttpResponseException_ReturnsProperStatusCode" />
    </UnitTest>
    <UnitTest name="FlipazonApiTest.ControllerTest.AuthControllerTests.Login_HttpResponseException_ReturnsErrorJsonResult" storage="d:\l&amp;c project\learn-and-code\flipazonapitest\bin\debug\net9.0\flipazonapitest.dll" id="949bf181-aab8-88d6-8ae9-b32814289099">
      <Execution id="184346ef-9e00-4626-a21d-0e328da27941" />
      <TestMethod codeBase="D:\L&amp;C Project\Learn-and-Code\FlipazonApiTest\bin\Debug\net9.0\FlipazonApiTest.dll" adapterTypeName="executor://xunit/VsTestRunner2/netcoreapp" className="FlipazonApiTest.ControllerTest.AuthControllerTests" name="Login_HttpResponseException_ReturnsErrorJsonResult" />
    </UnitTest>
    <UnitTest name="FlipazonApiTest.ServiceTest.CartServiceTests.AddOrUpdateCartItemAsync_UpdatesExistingItem_ReturnsSuccessMessage" storage="d:\l&amp;c project\learn-and-code\flipazonapitest\bin\debug\net9.0\flipazonapitest.dll" id="22f36e36-2b40-57b3-0e99-378afac9e1d3">
      <Execution id="d2bb51b3-5dce-4646-a823-bdc0fa33669e" />
      <TestMethod codeBase="D:\L&amp;C Project\Learn-and-Code\FlipazonApiTest\bin\Debug\net9.0\FlipazonApiTest.dll" adapterTypeName="executor://xunit/VsTestRunner2/netcoreapp" className="FlipazonApiTest.ServiceTest.CartServiceTests" name="AddOrUpdateCartItemAsync_UpdatesExistingItem_ReturnsSuccessMessage" />
    </UnitTest>
    <UnitTest name="FlipazonApiTest.ServiceTest.CartServiceTests.GetCartItemsByUserIdAsync_ReturnsJsonResult" storage="d:\l&amp;c project\learn-and-code\flipazonapitest\bin\debug\net9.0\flipazonapitest.dll" id="90066cf2-fdea-6f9a-98e5-ed4bb9d5e7fd">
      <Execution id="4ec0eac1-f39d-4803-b6b9-cc47091f6459" />
      <TestMethod codeBase="D:\L&amp;C Project\Learn-and-Code\FlipazonApiTest\bin\Debug\net9.0\FlipazonApiTest.dll" adapterTypeName="executor://xunit/VsTestRunner2/netcoreapp" className="FlipazonApiTest.ServiceTest.CartServiceTests" name="GetCartItemsByUserIdAsync_ReturnsJsonResult" />
    </UnitTest>
    <UnitTest name="FlipazonApiTest.ControllerTest.OrderControllerTests.GetOrdersByUserId_ThrowsUnhandledException_Returns500" storage="d:\l&amp;c project\learn-and-code\flipazonapitest\bin\debug\net9.0\flipazonapitest.dll" id="4415ad45-8815-7764-d877-af943af79b59">
      <Execution id="e1a2a1d4-74ca-4c39-a3f2-be2a398103ef" />
      <TestMethod codeBase="D:\L&amp;C Project\Learn-and-Code\FlipazonApiTest\bin\Debug\net9.0\FlipazonApiTest.dll" adapterTypeName="executor://xunit/VsTestRunner2/netcoreapp" className="FlipazonApiTest.ControllerTest.OrderControllerTests" name="GetOrdersByUserId_ThrowsUnhandledException_Returns500" />
    </UnitTest>
  </TestDefinitions>
  <TestEntries>
    <TestEntry testId="620bad27-2f51-72e5-f8d3-34d98e634c61" executionId="8486f8c2-2cc2-4768-8948-017ca82edf1b" testListId="8c84fa94-04c1-424b-9868-57a2d4851a1d" />
    <TestEntry testId="b27d5052-7e00-fdab-ea3a-a71f6326ccc4" executionId="ea36e935-189d-481d-934b-ba186798fc96" testListId="8c84fa94-04c1-424b-9868-57a2d4851a1d" />
    <TestEntry testId="3da68fa5-dc86-6453-1bd3-ae1efc35e76a" executionId="0bc2ea7b-33cc-48ce-aabb-c20da7b5a934" testListId="8c84fa94-04c1-424b-9868-57a2d4851a1d" />
    <TestEntry testId="de00011b-357a-8331-e054-e9df0dfedb2e" executionId="e7f16fe2-27ee-49cf-83bc-7ad60892adc2" testListId="8c84fa94-04c1-424b-9868-57a2d4851a1d" />
    <TestEntry testId="37cfde0a-922e-a7a3-ea07-0e585915698e" executionId="2d023d50-45b5-49c5-9ce3-e00a764a47ce" testListId="8c84fa94-04c1-424b-9868-57a2d4851a1d" />
    <TestEntry testId="04dcb527-1843-dd27-c34b-eb34cbae9a4c" executionId="c18041ea-63e0-4979-af23-aa0a631c2188" testListId="8c84fa94-04c1-424b-9868-57a2d4851a1d" />
    <TestEntry testId="47c564f0-2db9-c859-1e01-c0aeafe12e1a" executionId="fcd09d89-b503-4f55-9b06-376b1e3a3771" testListId="8c84fa94-04c1-424b-9868-57a2d4851a1d" />
    <TestEntry testId="78f4e7c7-89ed-67e3-d037-232cf2b7a425" executionId="883015be-1bc7-4254-beac-4f3db721d1ed" testListId="8c84fa94-04c1-424b-9868-57a2d4851a1d" />
    <TestEntry testId="266e2396-b22f-2a8a-5505-5103de124471" executionId="73413b46-64c1-47cf-980c-c03a3204e349" testListId="8c84fa94-04c1-424b-9868-57a2d4851a1d" />
    <TestEntry testId="862d09f0-32e5-0251-7e11-c4e5e4c6b64a" executionId="6f1ee5e9-5e30-473e-bfb0-ed624b4a8590" testListId="8c84fa94-04c1-424b-9868-57a2d4851a1d" />
    <TestEntry testId="57a9a9da-dc82-6072-a53e-1d767a80cc62" executionId="069757f1-22b0-409e-b9ff-00dfc2341a82" testListId="8c84fa94-04c1-424b-9868-57a2d4851a1d" />
    <TestEntry testId="f76ee3ac-a539-7533-c2ad-f5f1819d29d6" executionId="9bd01caa-19e9-4f85-a3c4-75fe0605ac26" testListId="8c84fa94-04c1-424b-9868-57a2d4851a1d" />
    <TestEntry testId="c49da429-29df-2cba-f69f-ef2e36f2f14e" executionId="6982702e-cab2-44f3-a911-374153a1f93e" testListId="8c84fa94-04c1-424b-9868-57a2d4851a1d" />
    <TestEntry testId="df90cf4e-f2c7-07c1-dbf5-19d76b12672c" executionId="571f0ab4-98f3-4525-bbc1-630230fc8420" testListId="8c84fa94-04c1-424b-9868-57a2d4851a1d" />
    <TestEntry testId="4415ad45-8815-7764-d877-af943af79b59" executionId="e1a2a1d4-74ca-4c39-a3f2-be2a398103ef" testListId="8c84fa94-04c1-424b-9868-57a2d4851a1d" />
    <TestEntry testId="7f7d2574-598f-0386-a73d-490aadc6cffd" executionId="469d96ef-d764-4a06-86c5-b0a0828915bb" testListId="8c84fa94-04c1-424b-9868-57a2d4851a1d" />
    <TestEntry testId="d3910ba0-549c-0762-4976-8c15b6e6dd22" executionId="9863104f-c7fb-4a41-95c9-fb2a4e6a7d11" testListId="8c84fa94-04c1-424b-9868-57a2d4851a1d" />
    <TestEntry testId="d0e36666-ab8e-a679-1062-fd2e9caed1bb" executionId="0ca5e975-f9da-417e-a6e6-94aa83845e4a" testListId="8c84fa94-04c1-424b-9868-57a2d4851a1d" />
    <TestEntry testId="3431ceb0-764f-6380-fe1c-ac16434c1f6f" executionId="22291e6c-630a-4707-b100-72f6d99130dc" testListId="8c84fa94-04c1-424b-9868-57a2d4851a1d" />
    <TestEntry testId="e943fe61-ce26-2826-37dc-9c92b267ec02" executionId="fd6553ff-ea84-47e2-af28-bb55e1c65a82" testListId="8c84fa94-04c1-424b-9868-57a2d4851a1d" />
    <TestEntry testId="90066cf2-fdea-6f9a-98e5-ed4bb9d5e7fd" executionId="4ec0eac1-f39d-4803-b6b9-cc47091f6459" testListId="8c84fa94-04c1-424b-9868-57a2d4851a1d" />
    <TestEntry testId="1fc70e51-cc33-b84c-07c2-2c84ddc6f45e" executionId="0c6cef43-20bf-4d12-a9db-a58eb2dfe099" testListId="8c84fa94-04c1-424b-9868-57a2d4851a1d" />
    <TestEntry testId="a408a8bb-973b-61c3-7bba-f70344092464" executionId="c703b542-3db9-4eba-82aa-87172cc54806" testListId="8c84fa94-04c1-424b-9868-57a2d4851a1d" />
    <TestEntry testId="2e8bb8e5-f184-c6c1-d993-a08f524729b8" executionId="dbc7dd65-59aa-4481-a4c1-06244213cf9b" testListId="8c84fa94-04c1-424b-9868-57a2d4851a1d" />
    <TestEntry testId="77c3cbcd-8854-3fea-90a6-6bc0cea1cb2c" executionId="81031782-8c8a-4652-9d68-90255dab486a" testListId="8c84fa94-04c1-424b-9868-57a2d4851a1d" />
    <TestEntry testId="845fcb2d-f0a7-827b-55f6-94a0633bf3b8" executionId="f93dd3f1-5418-4b85-b947-b1a9aca65650" testListId="8c84fa94-04c1-424b-9868-57a2d4851a1d" />
    <TestEntry testId="630cce50-cb44-7335-7416-e0f69485ba43" executionId="34504b51-3ccf-4a28-8ba1-c896af20b6fd" testListId="8c84fa94-04c1-424b-9868-57a2d4851a1d" />
    <TestEntry testId="106fcf58-0899-94af-1a45-279a22a719b8" executionId="d261925f-6a3f-4128-b4f0-0ee765025de1" testListId="8c84fa94-04c1-424b-9868-57a2d4851a1d" />
    <TestEntry testId="22f36e36-2b40-57b3-0e99-378afac9e1d3" executionId="d2bb51b3-5dce-4646-a823-bdc0fa33669e" testListId="8c84fa94-04c1-424b-9868-57a2d4851a1d" />
    <TestEntry testId="c0298886-1b1e-4211-a413-4d5e3c655ba2" executionId="075db4db-6c6f-42e0-8ee4-e9c33808048c" testListId="8c84fa94-04c1-424b-9868-57a2d4851a1d" />
    <TestEntry testId="2d852f14-6c8d-a589-c704-7ca86bdd3dd1" executionId="2069b9c2-d6d4-499b-a9c7-af9d90175b9e" testListId="8c84fa94-04c1-424b-9868-57a2d4851a1d" />
    <TestEntry testId="d99f1b4e-6ffa-1f9b-dd06-7d6777923099" executionId="ce42c64a-c5a6-4335-b296-2876e0a5f321" testListId="8c84fa94-04c1-424b-9868-57a2d4851a1d" />
    <TestEntry testId="42bee37d-33aa-7e22-379c-a5e060d6ea6a" executionId="019675e9-b2cf-49d8-b4c5-67da1967b5ed" testListId="8c84fa94-04c1-424b-9868-57a2d4851a1d" />
    <TestEntry testId="9505c6e4-7608-d247-896d-4bf045f4bb1d" executionId="4a67f226-00ad-4900-9b37-9f8e465e1741" testListId="8c84fa94-04c1-424b-9868-57a2d4851a1d" />
    <TestEntry testId="949bf181-aab8-88d6-8ae9-b32814289099" executionId="184346ef-9e00-4626-a21d-0e328da27941" testListId="8c84fa94-04c1-424b-9868-57a2d4851a1d" />
    <TestEntry testId="e066e50f-0970-edfc-782d-cf7b3c7a1860" executionId="2add3d82-c7bc-43f7-9694-ced9c3400c36" testListId="8c84fa94-04c1-424b-9868-57a2d4851a1d" />
    <TestEntry testId="6c73e3f0-a5c4-55db-78e4-b89fa7e0f6e5" executionId="354c9326-fc12-46a7-9de8-1ac32f767c18" testListId="8c84fa94-04c1-424b-9868-57a2d4851a1d" />
    <TestEntry testId="c45d5e62-e99e-2ed5-c9ee-78f4161edaeb" executionId="1859d724-0a16-4dbf-a59d-a2e14d59a610" testListId="8c84fa94-04c1-424b-9868-57a2d4851a1d" />
  </TestEntries>
  <TestLists>
    <TestList name="Results Not in a List" id="8c84fa94-04c1-424b-9868-57a2d4851a1d" />
    <TestList name="All Loaded Results" id="19431567-8539-422a-85d7-44ee4e166bda" />
  </TestLists>
  <ResultSummary outcome="Completed">
    <Counters total="38" executed="38" passed="38" failed="0" error="0" timeout="0" aborted="0" inconclusive="0" passedButRunAborted="0" notRunnable="0" notExecuted="0" disconnected="0" warning="0" completed="0" inProgress="0" pending="0" />
    <Output>
      <StdOut>[xUnit.net 00:00:00.00] xUnit.net VSTest Adapter v2.8.2+699d445a1a (64-bit .NET 9.0.5)&#xD;
[xUnit.net 00:00:00.28]   Discovering: FlipazonApiTest&#xD;
[xUnit.net 00:00:00.37]   Discovered:  FlipazonApiTest&#xD;
[xUnit.net 00:00:00.38]   Starting:    FlipazonApiTest&#xD;
[xUnit.net 00:00:00.87]   Finished:    FlipazonApiTest&#xD;
</StdOut>
    </Output>
  </ResultSummary>
</TestRun>